Archive member included to satisfy reference by file (symbol)

/Applications/STM32CubeIDE.app/Contents/Eclipse/plugins/com.st.stm32cube.ide.mcu.externaltools.gnu-tools-for-stm32.12.3.rel1.macos64_1.0.200.202406191456/tools/bin/../lib/gcc/arm-none-eabi/12.3.1/../../../../arm-none-eabi/lib/thumb/v7e-m+fp/hard/libstdc++_nano.a(allocator-inst.o)
                              ./Src/main.o (std::allocator<char>::allocator())
/Applications/STM32CubeIDE.app/Contents/Eclipse/plugins/com.st.stm32cube.ide.mcu.externaltools.gnu-tools-for-stm32.12.3.rel1.macos64_1.0.200.202406191456/tools/bin/../lib/gcc/arm-none-eabi/12.3.1/../../../../arm-none-eabi/lib/thumb/v7e-m+fp/hard/libstdc++_nano.a(string-inst.o)
                              ./Src/main.o (std::__cxx11::basic_string<char, std::char_traits<char>, std::allocator<char> >::_M_data(char*))
/Applications/STM32CubeIDE.app/Contents/Eclipse/plugins/com.st.stm32cube.ide.mcu.externaltools.gnu-tools-for-stm32.12.3.rel1.macos64_1.0.200.202406191456/tools/bin/../lib/gcc/arm-none-eabi/12.3.1/../../../../arm-none-eabi/lib/thumb/v7e-m+fp/hard/libstdc++_nano.a(del_op.o)
                              /Applications/STM32CubeIDE.app/Contents/Eclipse/plugins/com.st.stm32cube.ide.mcu.externaltools.gnu-tools-for-stm32.12.3.rel1.macos64_1.0.200.202406191456/tools/bin/../lib/gcc/arm-none-eabi/12.3.1/../../../../arm-none-eabi/lib/thumb/v7e-m+fp/hard/libstdc++_nano.a(string-inst.o) (operator delete(void*))
/Applications/STM32CubeIDE.app/Contents/Eclipse/plugins/com.st.stm32cube.ide.mcu.externaltools.gnu-tools-for-stm32.12.3.rel1.macos64_1.0.200.202406191456/tools/bin/../lib/gcc/arm-none-eabi/12.3.1/../../../../arm-none-eabi/lib/thumb/v7e-m+fp/hard/libstdc++_nano.a(new_op.o)
                              /Applications/STM32CubeIDE.app/Contents/Eclipse/plugins/com.st.stm32cube.ide.mcu.externaltools.gnu-tools-for-stm32.12.3.rel1.macos64_1.0.200.202406191456/tools/bin/../lib/gcc/arm-none-eabi/12.3.1/../../../../arm-none-eabi/lib/thumb/v7e-m+fp/hard/libstdc++_nano.a(string-inst.o) (operator new(unsigned int))
/Applications/STM32CubeIDE.app/Contents/Eclipse/plugins/com.st.stm32cube.ide.mcu.externaltools.gnu-tools-for-stm32.12.3.rel1.macos64_1.0.200.202406191456/tools/bin/../lib/gcc/arm-none-eabi/12.3.1/../../../../arm-none-eabi/lib/thumb/v7e-m+fp/hard/libstdc++_nano.a(functexcept.o)
                              /Applications/STM32CubeIDE.app/Contents/Eclipse/plugins/com.st.stm32cube.ide.mcu.externaltools.gnu-tools-for-stm32.12.3.rel1.macos64_1.0.200.202406191456/tools/bin/../lib/gcc/arm-none-eabi/12.3.1/../../../../arm-none-eabi/lib/thumb/v7e-m+fp/hard/libstdc++_nano.a(string-inst.o) (std::__throw_bad_alloc())
/Applications/STM32CubeIDE.app/Contents/Eclipse/plugins/com.st.stm32cube.ide.mcu.externaltools.gnu-tools-for-stm32.12.3.rel1.macos64_1.0.200.202406191456/tools/bin/../lib/gcc/arm-none-eabi/12.3.1/../../../../arm-none-eabi/lib/thumb/v7e-m+fp/hard/libstdc++_nano.a(new_handler.o)
                              /Applications/STM32CubeIDE.app/Contents/Eclipse/plugins/com.st.stm32cube.ide.mcu.externaltools.gnu-tools-for-stm32.12.3.rel1.macos64_1.0.200.202406191456/tools/bin/../lib/gcc/arm-none-eabi/12.3.1/../../../../arm-none-eabi/lib/thumb/v7e-m+fp/hard/libstdc++_nano.a(new_op.o) (std::get_new_handler())
/Applications/STM32CubeIDE.app/Contents/Eclipse/plugins/com.st.stm32cube.ide.mcu.externaltools.gnu-tools-for-stm32.12.3.rel1.macos64_1.0.200.202406191456/tools/bin/../lib/gcc/arm-none-eabi/12.3.1/../../../../arm-none-eabi/lib/thumb/v7e-m+fp/hard/libc_nano.a(libc_a-abort.o)
                              /Applications/STM32CubeIDE.app/Contents/Eclipse/plugins/com.st.stm32cube.ide.mcu.externaltools.gnu-tools-for-stm32.12.3.rel1.macos64_1.0.200.202406191456/tools/bin/../lib/gcc/arm-none-eabi/12.3.1/../../../../arm-none-eabi/lib/thumb/v7e-m+fp/hard/libstdc++_nano.a(new_op.o) (abort)
/Applications/STM32CubeIDE.app/Contents/Eclipse/plugins/com.st.stm32cube.ide.mcu.externaltools.gnu-tools-for-stm32.12.3.rel1.macos64_1.0.200.202406191456/tools/bin/../lib/gcc/arm-none-eabi/12.3.1/../../../../arm-none-eabi/lib/thumb/v7e-m+fp/hard/libc_nano.a(libc_a-exit.o)
                              /Applications/STM32CubeIDE.app/Contents/Eclipse/plugins/com.st.stm32cube.ide.mcu.externaltools.gnu-tools-for-stm32.12.3.rel1.macos64_1.0.200.202406191456/tools/bin/../lib/gcc/arm-none-eabi/12.3.1/../../../../arm-none-eabi/lib/thumb/v7e-m+fp/hard/crt0.o (exit)
/Applications/STM32CubeIDE.app/Contents/Eclipse/plugins/com.st.stm32cube.ide.mcu.externaltools.gnu-tools-for-stm32.12.3.rel1.macos64_1.0.200.202406191456/tools/bin/../lib/gcc/arm-none-eabi/12.3.1/../../../../arm-none-eabi/lib/thumb/v7e-m+fp/hard/libc_nano.a(libc_a-malloc.o)
[...]
Memory Configuration

Name             Origin             Length             Attributes
RAM              0x20000000         0x00020000         xrw
FLASH            0x08000000         0x00080000         xr
*default*        0x00000000         0xffffffff

Linker script and memory map

LOAD /Applications/STM32CubeIDE.app/Contents/Eclipse/plugins/com.st.stm32cube.ide.mcu.externaltools.gnu-tools-for-stm32.12.3.rel1.macos64_1.0.200.202406191456/tools/bin/../lib/gcc/arm-none-eabi/12.3.1/thumb/v7e-m+fp/hard/crti.o
LOAD /Applications/STM32CubeIDE.app/Contents/Eclipse/plugins/com.st.stm32cube.ide.mcu.externaltools.gnu-tools-for-stm32.12.3.rel1.macos64_1.0.200.202406191456/tools/bin/../lib/gcc/arm-none-eabi/12.3.1/thumb/v7e-m+fp/hard/crtbegin.o
LOAD /Applications/STM32CubeIDE.app/Contents/Eclipse/plugins/com.st.stm32cube.ide.mcu.externaltools.gnu-tools-for-stm32.12.3.rel1.macos64_1.0.200.202406191456/tools/bin/../lib/gcc/arm-none-eabi/12.3.1/../../../../arm-none-eabi/lib/thumb/v7e-m+fp/hard/crt0.o
LOAD ./FreeRTOS/FreeRTOS-Kernel/croutine.o
LOAD ./FreeRTOS/FreeRTOS-Kernel/event_groups.o
LOAD ./FreeRTOS/FreeRTOS-Kernel/list.o
LOAD ./FreeRTOS/FreeRTOS-Kernel/queue.o
LOAD ./FreeRTOS/FreeRTOS-Kernel/stream_buffer.o
LOAD ./FreeRTOS/FreeRTOS-Kernel/tasks.o
LOAD ./FreeRTOS/FreeRTOS-Kernel/timers.o
LOAD ./FreeRTOS/FreeRTOS-Kernel/portable/GCC/ARM_CM4F/port.o
LOAD ./FreeRTOS/FreeRTOS-Kernel/portable/MemMang/heap_4.o
LOAD ./Src/main.o
LOAD ./Src/syscalls.o
LOAD ./Src/sysmem.o
LOAD ./Startup/startup_stm32f446retx.o
START GROUP
LOAD /Applications/STM32CubeIDE.app/Contents/Eclipse/plugins/com.st.stm32cube.ide.mcu.externaltools.gnu-tools-for-stm32.12.3.rel1.macos64_1.0.200.202406191456/tools/bin/../lib/gcc/arm-none-eabi/12.3.1/../../../../arm-none-eabi/lib/thumb/v7e-m+fp/hard/libstdc++_nano.a
LOAD /Applications/STM32CubeIDE.app/Contents/Eclipse/plugins/com.st.stm32cube.ide.mcu.externaltools.gnu-tools-for-stm32.12.3.rel1.macos64_1.0.200.202406191456/tools/bin/../lib/gcc/arm-none-eabi/12.3.1/../../../../arm-none-eabi/lib/thumb/v7e-m+fp/hard/libsupc++_nano.a
END GROUP
LOAD /Applications/STM32CubeIDE.app/Contents/Eclipse/plugins/com.st.stm32cube.ide.mcu.externaltools.gnu-tools-for-stm32.12.3.rel1.macos64_1.0.200.202406191456/tools/bin/../lib/gcc/arm-none-eabi/12.3.1/../../../../arm-none-eabi/lib/thumb/v7e-m+fp/hard/libstdc++_nano.a
LOAD /Applications/STM32CubeIDE.app/Contents/Eclipse/plugins/com.st.stm32cube.ide.mcu.externaltools.gnu-tools-for-stm32.12.3.rel1.macos64_1.0.200.202406191456/tools/bin/../lib/gcc/arm-none-eabi/12.3.1/../../../../arm-none-eabi/lib/thumb/v7e-m+fp/hard/libm.a
LOAD /Applications/STM32CubeIDE.app/Contents/Eclipse/plugins/com.st.stm32cube.ide.mcu.externaltools.gnu-tools-for-stm32.12.3.rel1.macos64_1.0.200.202406191456/tools/bin/../lib/gcc/arm-none-eabi/12.3.1/../../../../arm-none-eabi/lib/thumb/v7e-m+fp/hard/libc_nano.a
START GROUP
LOAD /Applications/STM32CubeIDE.app/Contents/Eclipse/plugins/com.st.stm32cube.ide.mcu.externaltools.gnu-tools-for-stm32.12.3.rel1.macos64_1.0.200.202406191456/tools/bin/../lib/gcc/arm-none-eabi/12.3.1/thumb/v7e-m+fp/hard/libgcc.a
LOAD /Applications/STM32CubeIDE.app/Contents/Eclipse/plugins/com.st.stm32cube.ide.mcu.externaltools.gnu-tools-for-stm32.12.3.rel1.macos64_1.0.200.202406191456/tools/bin/../lib/gcc/arm-none-eabi/12.3.1/../../../../arm-none-eabi/lib/thumb/v7e-m+fp/hard/libc_nano.a
END GROUP
START GROUP
LOAD /Applications/STM32CubeIDE.app/Contents/Eclipse/plugins/com.st.stm32cube.ide.mcu.externaltools.gnu-tools-for-stm32.12.3.rel1.macos64_1.0.200.202406191456/tools/bin/../lib/gcc/arm-none-eabi/12.3.1/thumb/v7e-m+fp/hard/libgcc.a
LOAD /Applications/STM32CubeIDE.app/Contents/Eclipse/plugins/com.st.stm32cube.ide.mcu.externaltools.gnu-tools-for-stm32.12.3.rel1.macos64_1.0.200.202406191456/tools/bin/../lib/gcc/arm-none-eabi/12.3.1/../../../../arm-none-eabi/lib/thumb/v7e-m+fp/hard/libc_nano.a
LOAD /Applications/STM32CubeIDE.app/Contents/Eclipse/plugins/com.st.stm32cube.ide.mcu.externaltools.gnu-tools-for-stm32.12.3.rel1.macos64_1.0.200.202406191456/tools/bin/../lib/gcc/arm-none-eabi/12.3.1/../../../../arm-none-eabi/lib/thumb/v7e-m+fp/hard/libnosys.a
END GROUP
START GROUP
LOAD /Applications/STM32CubeIDE.app/Contents/Eclipse/plugins/com.st.stm32cube.ide.mcu.externaltools.gnu-tools-for-stm32.12.3.rel1.macos64_1.0.200.202406191456/tools/bin/../lib/gcc/arm-none-eabi/12.3.1/thumb/v7e-m+fp/hard/libgcc.a
LOAD /Applications/STM32CubeIDE.app/Contents/Eclipse/plugins/com.st.stm32cube.ide.mcu.externaltools.gnu-tools-for-stm32.12.3.rel1.macos64_1.0.200.202406191456/tools/bin/../lib/gcc/arm-none-eabi/12.3.1/../../../../arm-none-eabi/lib/thumb/v7e-m+fp/hard/libc_nano.a
LOAD /Applications/STM32CubeIDE.app/Contents/Eclipse/plugins/com.st.stm32cube.ide.mcu.externaltools.gnu-tools-for-stm32.12.3.rel1.macos64_1.0.200.202406191456/tools/bin/../lib/gcc/arm-none-eabi/12.3.1/../../../../arm-none-eabi/lib/thumb/v7e-m+fp/hard/libnosys.a
END GROUP
LOAD /Applications/STM32CubeIDE.app/Contents/Eclipse/plugins/com.st.stm32cube.ide.mcu.externaltools.gnu-tools-for-stm32.12.3.rel1.macos64_1.0.200.202406191456/tools/bin/../lib/gcc/arm-none-eabi/12.3.1/thumb/v7e-m+fp/hard/crtend.o
LOAD /Applications/STM32CubeIDE.app/Contents/Eclipse/plugins/com.st.stm32cube.ide.mcu.externaltools.gnu-tools-for-stm32.12.3.rel1.macos64_1.0.200.202406191456/tools/bin/../lib/gcc/arm-none-eabi/12.3.1/thumb/v7e-m+fp/hard/crtn.o
                0x20020000                        _estack = (ORIGIN (RAM) + LENGTH (RAM))
                0x00000200                        _Min_Heap_Size = 0x200
                0x00000400                        _Min_Stack_Size = 0x400

.isr_vector     0x08000000      0x1c4
                0x08000000                        . = ALIGN (0x4)
 *(.isr_vector)
 .isr_vector    0x08000000      0x1c4 ./Startup/startup_stm32f446retx.o
                0x08000000                g_pfnVectors
                0x080001c4                        . = ALIGN (0x4)

.text           0x080001d0     0x14bc
                0x080001d0                        . = ALIGN (0x4)
 *(.text)
 .text          0x080001d0       0x40 /Applications/STM32CubeIDE.app/Contents/Eclipse/plugins/com.st.stm32cube.ide.mcu.externaltools.gnu-tools-for-stm32.12.3.rel1.macos64_1.0.200.202406191456/tools/bin/../lib/gcc/arm-none-eabi/12.3.1/thumb/v7e-m+fp/hard/crtbegin.o
 *(.text*)
 .text.vListInitialise
                0x08000210       0x40 ./FreeRTOS/FreeRTOS-Kernel/list.o
                0x08000210                vListInitialise
 .text.vListInitialiseItem
                0x08000250       0x1a ./FreeRTOS/FreeRTOS-Kernel/list.o
                0x08000250                vListInitialiseItem
 .text.uxListRemove
                0x0800026a       0x54 ./FreeRTOS/FreeRTOS-Kernel/list.o
                0x0800026a                uxListRemove
 .text.xTaskCreateStatic
                0x080002be       0xca ./FreeRTOS/FreeRTOS-Kernel/tasks.o
                0x080002be                xTaskCreateStatic
 .text.xTaskCreate
                0x08000388       0x94 ./FreeRTOS/FreeRTOS-Kernel/tasks.o
                0x08000388                xTaskCreate
 .text.prvInitialiseNewTask
                0x0800041c      0x110 ./FreeRTOS/FreeRTOS-Kernel/tasks.o
 .text.prvAddNewTaskToReadyList
                0x0800052c      0x124 ./FreeRTOS/FreeRTOS-Kernel/tasks.o
 .text.vTaskStartScheduler
                0x08000650       0xcc ./FreeRTOS/FreeRTOS-Kernel/tasks.o
                0x08000650                vTaskStartScheduler
 .text.vTaskSuspendAll
                0x0800071c       0x1c ./FreeRTOS/FreeRTOS-Kernel/tasks.o
                0x0800071c                vTaskSuspendAll
 .text.xTaskResumeAll
                0x08000738      0x1f8 ./FreeRTOS/FreeRTOS-Kernel/tasks.o
                0x08000738                xTaskResumeAll
 .text.xTaskIncrementTick
                0x08000930      0x230 ./FreeRTOS/FreeRTOS-Kernel/tasks.o
                0x08000930                xTaskIncrementTick
 .text.vTaskSwitchContext
                0x08000b60       0xb8 ./FreeRTOS/FreeRTOS-Kernel/tasks.o
                0x08000b60                vTaskSwitchContext
 .text.prvIdleTask
                0x08000c18       0x30 ./FreeRTOS/FreeRTOS-Kernel/tasks.o
 .text.prvInitialiseTaskLists
                0x08000c48       0x80 ./FreeRTOS/FreeRTOS-Kernel/tasks.o
 .text.prvCheckTasksWaitingTermination
                0x08000cc8       0x5c ./FreeRTOS/FreeRTOS-Kernel/tasks.o
 .text.prvDeleteTCB
                0x08000d24       0x60 ./FreeRTOS/FreeRTOS-Kernel/tasks.o
 .text.prvResetNextTaskUnblockTime
                0x08000d84       0x38 ./FreeRTOS/FreeRTOS-Kernel/tasks.o
 .text.pxPortInitialiseStack
                0x08000dbc       0x68 ./FreeRTOS/FreeRTOS-Kernel/portable/GCC/ARM_CM4F/port.o
                0x08000dbc                pxPortInitialiseStack
 .text.prvTaskExitError
                0x08000e24       0x5c ./FreeRTOS/FreeRTOS-Kernel/portable/GCC/ARM_CM4F/port.o
 .text.SVC_Handler
                0x08000e80       0x28 ./FreeRTOS/FreeRTOS-Kernel/portable/GCC/ARM_CM4F/port.o
                0x08000e80                SVC_Handler
 .text.prvPortStartFirstTask
                0x08000ea8       0x2c ./FreeRTOS/FreeRTOS-Kernel/portable/GCC/ARM_CM4F/port.o
 .text.xPortStartScheduler
                0x08000ed4      0x148 ./FreeRTOS/FreeRTOS-Kernel/portable/GCC/ARM_CM4F/port.o
                0x08000ed4                xPortStartScheduler
 .text.vPortEnterCritical
                0x0800101c       0x64 ./FreeRTOS/FreeRTOS-Kernel/portable/GCC/ARM_CM4F/port.o
                0x0800101c                vPortEnterCritical
 .text.vPortExitCritical
                0x08001080       0x54 ./FreeRTOS/FreeRTOS-Kernel/portable/GCC/ARM_CM4F/port.o
                0x08001080                vPortExitCritical
 *fill*         0x080010d4        0xc 
 .text.PendSV_Handler
                0x080010e0       0x68 ./FreeRTOS/FreeRTOS-Kernel/portable/GCC/ARM_CM4F/port.o
                0x080010e0                PendSV_Handler
 .text.SysTick_Handler
                0x08001148       0x44 ./FreeRTOS/FreeRTOS-Kernel/portable/GCC/ARM_CM4F/port.o
                0x08001148                SysTick_Handler
 .text.vPortSetupTimerInterrupt
                0x0800118c       0x48 ./FreeRTOS/FreeRTOS-Kernel/portable/GCC/ARM_CM4F/port.o
                0x0800118c                vPortSetupTimerInterrupt
 .text.vPortEnableVFP
                0x080011d4       0x18 ./FreeRTOS/FreeRTOS-Kernel/portable/GCC/ARM_CM4F/port.o
 .text.pvPortMalloc
                0x080011ec      0x178 ./FreeRTOS/FreeRTOS-Kernel/portable/MemMang/heap_4.o
                0x080011ec                pvPortMalloc
 .text.vPortFree
                0x08001364       0xbc ./FreeRTOS/FreeRTOS-Kernel/portable/MemMang/heap_4.o
                0x08001364                vPortFree
 .text.prvHeapInit
                0x08001420       0xb8 ./FreeRTOS/FreeRTOS-Kernel/portable/MemMang/heap_4.o
 .text.prvInsertBlockIntoFreeList
                0x080014d8       0xb4 ./FreeRTOS/FreeRTOS-Kernel/portable/MemMang/heap_4.o
 .text._Z14Task1_callbackPv
                0x0800158c        0xc ./Src/main.o
                0x0800158c                Task1_callback(void*)
 .text.main     0x08001598       0x30 ./Src/main.o
                0x08001598                main
 .text.Reset_Handler
                0x080015c8       0x50 ./Startup/startup_stm32f446retx.o
                0x080015c8                Reset_Handler
 .text.Default_Handler
                0x08001618        0x2 ./Startup/startup_stm32f446retx.o
                0x08001618                DMA1_Stream3_IRQHandler
                0x08001618                EXTI2_IRQHandler
                0x08001618                TIM8_CC_IRQHandler
                0x08001618                SPDIF_Rx_IRQHandler
                0x08001618                DebugMon_Handler
                0x08001618                SPI4_IRQHandler
                0x08001618                TIM1_CC_IRQHandler
                0x08001618                QuadSPI_IRQHandler
                0x08001618                DMA2_Stream5_IRQHandler
                0x08001618                HardFault_Handler
                0x08001618                DMA1_Stream5_IRQHandler
                0x08001618                PVD_IRQHandler
                0x08001618                SDIO_IRQHandler
                0x08001618                TAMP_STAMP_IRQHandler
                0x08001618                NMI_Handler
                0x08001618                CAN2_RX1_IRQHandler
                0x08001618                EXTI3_IRQHandler
                0x08001618                TIM8_TRG_COM_TIM14_IRQHandler
                0x08001618                TIM1_UP_TIM10_IRQHandler
                0x08001618                FMPI2C1_error_IRQHandler
                0x08001618                TIM8_UP_TIM13_IRQHandler
                0x08001618                I2C3_ER_IRQHandler
                0x08001618                EXTI0_IRQHandler
                0x08001618                I2C2_EV_IRQHandler
                0x08001618                DMA1_Stream2_IRQHandler
                0x08001618                CAN1_RX0_IRQHandler
                0x08001618                OTG_HS_WKUP_IRQHandler
                0x08001618                UsageFault_Handler
                0x08001618                CAN2_SCE_IRQHandler
                0x08001618                DMA2_Stream2_IRQHandler
                0x08001618                SPI1_IRQHandler
                0x08001618                TIM6_DAC_IRQHandler
                0x08001618                TIM1_BRK_TIM9_IRQHandler
                0x08001618                DCMI_IRQHandler
                0x08001618                CAN2_RX0_IRQHandler
                0x08001618                DMA2_Stream3_IRQHandler
                0x08001618                FMPI2C1_IRQHandler
                0x08001618                SAI2_IRQHandler
                0x08001618                USART6_IRQHandler
                0x08001618                USART3_IRQHandler
                0x08001618                CAN1_RX1_IRQHandler
                0x08001618                UART5_IRQHandler
                0x08001618                DMA2_Stream0_IRQHandler
                0x08001618                TIM4_IRQHandler
                0x08001618                I2C1_EV_IRQHandler
                0x08001618                HDMI_CEC_IRQHandler
                0x08001618                DMA1_Stream6_IRQHandler
                0x08001618                DMA1_Stream1_IRQHandler
                0x08001618                UART4_IRQHandler
                0x08001618                TIM3_IRQHandler
                0x08001618                RCC_IRQHandler
                0x08001618                TIM8_BRK_TIM12_IRQHandler
                0x08001618                Default_Handler
                0x08001618                EXTI15_10_IRQHandler
                0x08001618                ADC_IRQHandler
                0x08001618                DMA1_Stream7_IRQHandler
                0x08001618                TIM7_IRQHandler
                0x08001618                CAN2_TX_IRQHandler
                0x08001618                TIM5_IRQHandler
                0x08001618                DMA2_Stream7_IRQHandler
                0x08001618                I2C3_EV_IRQHandler
                0x08001618                EXTI9_5_IRQHandler
                0x08001618                RTC_WKUP_IRQHandler
                0x08001618                SPI2_IRQHandler
                0x08001618                OTG_HS_EP1_IN_IRQHandler
                0x08001618                MemManage_Handler
                0x08001618                DMA1_Stream0_IRQHandler
                0x08001618                CAN1_TX_IRQHandler
                0x08001618                EXTI4_IRQHandler
                0x08001618                OTG_HS_EP1_OUT_IRQHandler
                0x08001618                WWDG_IRQHandler
                0x08001618                TIM2_IRQHandler
                0x08001618                OTG_FS_WKUP_IRQHandler
                0x08001618                TIM1_TRG_COM_TIM11_IRQHandler
                0x08001618                OTG_HS_IRQHandler
                0x08001618                EXTI1_IRQHandler
                0x08001618                USART2_IRQHandler
                0x08001618                I2C2_ER_IRQHandler
                0x08001618                DMA2_Stream1_IRQHandler
                0x08001618                CAN1_SCE_IRQHandler
                0x08001618                FLASH_IRQHandler
                0x08001618                DMA2_Stream4_IRQHandler
                0x08001618                BusFault_Handler
                0x08001618                USART1_IRQHandler
                0x08001618                OTG_FS_IRQHandler
                0x08001618                SPI3_IRQHandler
                0x08001618                DMA1_Stream4_IRQHandler
                0x08001618                I2C1_ER_IRQHandler
                0x08001618                FMC_IRQHandler
                0x08001618                DMA2_Stream6_IRQHandler
                0x08001618                SAI1_IRQHandler
                0x08001618                RTC_Alarm_IRQHandler
 .text.memset   0x0800161a       0x10 /Applications/STM32CubeIDE.app/Contents/Eclipse/plugins/com.st.stm32cube.ide.mcu.externaltools.gnu-tools-for-stm32.12.3.rel1.macos64_1.0.200.202406191456/tools/bin/../lib/gcc/arm-none-eabi/12.3.1/../../../../arm-none-eabi/lib/thumb/v7e-m+fp/hard/libc_nano.a(libc_a-memset.o)
                0x0800161a                memset
 *fill*         0x0800162a        0x2 
 .text.__libc_init_array
                0x0800162c       0x48 /Applications/STM32CubeIDE.app/Contents/Eclipse/plugins/com.st.stm32cube.ide.mcu.externaltools.gnu-tools-for-stm32.12.3.rel1.macos64_1.0.200.202406191456/tools/bin/../lib/gcc/arm-none-eabi/12.3.1/../../../../arm-none-eabi/lib/thumb/v7e-m+fp/hard/libc_nano.a(libc_a-init.o)
                0x0800162c                __libc_init_array
 *(.glue_7)
 .glue_7        0x08001674        0x0 linker stubs
 *(.glue_7t)
 .glue_7t       0x08001674        0x0 linker stubs
 *(.eh_frame)
 .eh_frame      0x08001674        0x0 /Applications/STM32CubeIDE.app/Contents/Eclipse/plugins/com.st.stm32cube.ide.mcu.externaltools.gnu-tools-for-stm32.12.3.rel1.macos64_1.0.200.202406191456/tools/bin/../lib/gcc/arm-none-eabi/12.3.1/thumb/v7e-m+fp/hard/crtbegin.o
 *(.init)
 .init          0x08001674        0x4 /Applications/STM32CubeIDE.app/Contents/Eclipse/plugins/com.st.stm32cube.ide.mcu.externaltools.gnu-tools-for-stm32.12.3.rel1.macos64_1.0.200.202406191456/tools/bin/../lib/gcc/arm-none-eabi/12.3.1/thumb/v7e-m+fp/hard/crti.o
                0x08001674                _init
 .init          0x08001678        0x8 /Applications/STM32CubeIDE.app/Contents/Eclipse/plugins/com.st.stm32cube.ide.mcu.externaltools.gnu-tools-for-stm32.12.3.rel1.macos64_1.0.200.202406191456/tools/bin/../lib/gcc/arm-none-eabi/12.3.1/thumb/v7e-m+fp/hard/crtn.o
 *(.fini)
 .fini          0x08001680        0x4 /Applications/STM32CubeIDE.app/Contents/Eclipse/plugins/com.st.stm32cube.ide.mcu.externaltools.gnu-tools-for-stm32.12.3.rel1.macos64_1.0.200.202406191456/tools/bin/../lib/gcc/arm-none-eabi/12.3.1/thumb/v7e-m+fp/hard/crti.o
                0x08001680                _fini
 .fini          0x08001684        0x8 /Applications/STM32CubeIDE.app/Contents/Eclipse/plugins/com.st.stm32cube.ide.mcu.externaltools.gnu-tools-for-stm32.12.3.rel1.macos64_1.0.200.202406191456/tools/bin/../lib/gcc/arm-none-eabi/12.3.1/thumb/v7e-m+fp/hard/crtn.o
                0x0800168c                        . = ALIGN (0x4)
                0x0800168c                        _etext = .

.vfp11_veneer   0x0800168c        0x0
 .vfp11_veneer  0x0800168c        0x0 linker stubs

.v4_bx          0x0800168c        0x0
 .v4_bx         0x0800168c        0x0 linker stubs

.iplt           0x0800168c        0x0
 .iplt          0x0800168c        0x0 /Applications/STM32CubeIDE.app/Contents/Eclipse/plugins/com.st.stm32cube.ide.mcu.externaltools.gnu-tools-for-stm32.12.3.rel1.macos64_1.0.200.202406191456/tools/bin/../lib/gcc/arm-none-eabi/12.3.1/thumb/v7e-m+fp/hard/crtbegin.o

.rodata         0x0800168c       0x14
                0x0800168c                        . = ALIGN (0x4)
 *(.rodata)
 .rodata        0x0800168c        0x5 ./FreeRTOS/FreeRTOS-Kernel/tasks.o
 *fill*         0x08001691        0x3 
 .rodata        0x08001694        0xb ./Src/main.o
 *(.rodata*)
                0x080016a0                        . = ALIGN (0x4)
 *fill*         0x0800169f        0x1 

.ARM.extab      0x080016a0        0x0
                0x080016a0                        . = ALIGN (0x4)
 *(.ARM.extab* .gnu.linkonce.armextab.*)
                0x080016a0                        . = ALIGN (0x4)

.ARM            0x080016a0        0x0
                0x080016a0                        . = ALIGN (0x4)
                0x080016a0                        __exidx_start = .
 *(.ARM.exidx*)
                0x080016a0                        __exidx_end = .
                0x080016a0                        . = ALIGN (0x4)

.preinit_array  0x080016a0        0x0
                0x080016a0                        . = ALIGN (0x4)
                0x080016a0                        PROVIDE (__preinit_array_start = .)
 *(.preinit_array*)
                0x080016a0                        PROVIDE (__preinit_array_end = .)
                0x080016a0                        . = ALIGN (0x4)

.init_array     0x080016a0        0x4
                0x080016a0                        . = ALIGN (0x4)
                0x080016a0                        PROVIDE (__init_array_start = .)
 *(SORT_BY_NAME(.init_array.*))
 *(.init_array*)
 .init_array    0x080016a0        0x4 /Applications/STM32CubeIDE.app/Contents/Eclipse/plugins/com.st.stm32cube.ide.mcu.externaltools.gnu-tools-for-stm32.12.3.rel1.macos64_1.0.200.202406191456/tools/bin/../lib/gcc/arm-none-eabi/12.3.1/thumb/v7e-m+fp/hard/crtbegin.o
                0x080016a4                        PROVIDE (__init_array_end = .)
                0x080016a4                        . = ALIGN (0x4)

.fini_array     0x080016a4        0x4
                0x080016a4                        . = ALIGN (0x4)
                [!provide]                        PROVIDE (__fini_array_start = .)
 *(SORT_BY_NAME(.fini_array.*))
 *(.fini_array*)
 .fini_array    0x080016a4        0x4 /Applications/STM32CubeIDE.app/Contents/Eclipse/plugins/com.st.stm32cube.ide.mcu.externaltools.gnu-tools-for-stm32.12.3.rel1.macos64_1.0.200.202406191456/tools/bin/../lib/gcc/arm-none-eabi/12.3.1/thumb/v7e-m+fp/hard/crtbegin.o
                [!provide]                        PROVIDE (__fini_array_end = .)
                0x080016a8                        . = ALIGN (0x4)
                0x080016a8                        _sidata = LOADADDR (.data)

.rel.dyn        0x080016a8        0x0
 .rel.iplt      0x080016a8        0x0 /Applications/STM32CubeIDE.app/Contents/Eclipse/plugins/com.st.stm32cube.ide.mcu.externaltools.gnu-tools-for-stm32.12.3.rel1.macos64_1.0.200.202406191456/tools/bin/../lib/gcc/arm-none-eabi/12.3.1/thumb/v7e-m+fp/hard/crtbegin.o

.data           0x20000000        0x8 load address 0x080016a8
                0x20000000                        . = ALIGN (0x4)
                0x20000000                        _sdata = .
 *(.data)
 *(.data*)
 .data.uxTopUsedPriority
                0x20000000        0x4 ./FreeRTOS/FreeRTOS-Kernel/tasks.o
                0x20000000                uxTopUsedPriority
 .data.uxCriticalNesting
                0x20000004        0x4 ./FreeRTOS/FreeRTOS-Kernel/portable/GCC/ARM_CM4F/port.o
 *(.RamFunc)
 *(.RamFunc*)
                0x20000008                        . = ALIGN (0x4)
                0x20000008                        _edata = .

.igot.plt       0x20000008        0x0 load address 0x080016b0
 .igot.plt      0x20000008        0x0 /Applications/STM32CubeIDE.app/Contents/Eclipse/plugins/com.st.stm32cube.ide.mcu.externaltools.gnu-tools-for-stm32.12.3.rel1.macos64_1.0.200.202406191456/tools/bin/../lib/gcc/arm-none-eabi/12.3.1/thumb/v7e-m+fp/hard/crtbegin.o
                0x20000008                        . = ALIGN (0x4)

.bss            0x20000008     0x3d70 load address 0x080016b0
                0x20000008                        _sbss = .
                0x20000008                        __bss_start__ = _sbss
 *(.bss)
 .bss           0x20000008       0x1c /Applications/STM32CubeIDE.app/Contents/Eclipse/plugins/com.st.stm32cube.ide.mcu.externaltools.gnu-tools-for-stm32.12.3.rel1.macos64_1.0.200.202406191456/tools/bin/../lib/gcc/arm-none-eabi/12.3.1/thumb/v7e-m+fp/hard/crtbegin.o
 *(.bss*)
 .bss.pxCurrentTCB
                0x20000024        0x4 ./FreeRTOS/FreeRTOS-Kernel/tasks.o
                0x20000024                pxCurrentTCB
 .bss.pxReadyTasksLists
                0x20000028       0x8c ./FreeRTOS/FreeRTOS-Kernel/tasks.o
 .bss.xDelayedTaskList1
                0x200000b4       0x14 ./FreeRTOS/FreeRTOS-Kernel/tasks.o
 .bss.xDelayedTaskList2
                0x200000c8       0x14 ./FreeRTOS/FreeRTOS-Kernel/tasks.o
 .bss.pxDelayedTaskList
                0x200000dc        0x4 ./FreeRTOS/FreeRTOS-Kernel/tasks.o
 .bss.pxOverflowDelayedTaskList
                0x200000e0        0x4 ./FreeRTOS/FreeRTOS-Kernel/tasks.o
 .bss.xPendingReadyList
                0x200000e4       0x14 ./FreeRTOS/FreeRTOS-Kernel/tasks.o
 .bss.xTasksWaitingTermination
                0x200000f8       0x14 ./FreeRTOS/FreeRTOS-Kernel/tasks.o
 .bss.uxDeletedTasksWaitingCleanUp
                0x2000010c        0x4 ./FreeRTOS/FreeRTOS-Kernel/tasks.o
 .bss.xSuspendedTaskList
                0x20000110       0x14 ./FreeRTOS/FreeRTOS-Kernel/tasks.o
 .bss.uxCurrentNumberOfTasks
                0x20000124        0x4 ./FreeRTOS/FreeRTOS-Kernel/tasks.o
 .bss.xTickCount
                0x20000128        0x4 ./FreeRTOS/FreeRTOS-Kernel/tasks.o
 .bss.uxTopReadyPriority
                0x2000012c        0x4 ./FreeRTOS/FreeRTOS-Kernel/tasks.o
 .bss.xSchedulerRunning
                0x20000130        0x4 ./FreeRTOS/FreeRTOS-Kernel/tasks.o
 .bss.xPendedTicks
                0x20000134        0x4 ./FreeRTOS/FreeRTOS-Kernel/tasks.o
 .bss.xYieldPending
                0x20000138        0x4 ./FreeRTOS/FreeRTOS-Kernel/tasks.o
 .bss.xNumOfOverflows
                0x2000013c        0x4 ./FreeRTOS/FreeRTOS-Kernel/tasks.o
 .bss.uxTaskNumber
                0x20000140        0x4 ./FreeRTOS/FreeRTOS-Kernel/tasks.o
 .bss.xNextTaskUnblockTime
                0x20000144        0x4 ./FreeRTOS/FreeRTOS-Kernel/tasks.o
 .bss.xIdleTaskHandle
                0x20000148        0x4 ./FreeRTOS/FreeRTOS-Kernel/tasks.o
 .bss.uxSchedulerSuspended
                0x2000014c        0x4 ./FreeRTOS/FreeRTOS-Kernel/tasks.o
 .bss.ucMaxSysCallPriority
                0x20000150        0x1 ./FreeRTOS/FreeRTOS-Kernel/portable/GCC/ARM_CM4F/port.o
 *fill*         0x20000151        0x3 
 .bss.ulMaxPRIGROUPValue
                0x20000154        0x4 ./FreeRTOS/FreeRTOS-Kernel/portable/GCC/ARM_CM4F/port.o
 .bss.ucHeap    0x20000158     0x3c00 ./FreeRTOS/FreeRTOS-Kernel/portable/MemMang/heap_4.o
 .bss.xStart    0x20003d58        0x8 ./FreeRTOS/FreeRTOS-Kernel/portable/MemMang/heap_4.o
 .bss.pxEnd     0x20003d60        0x4 ./FreeRTOS/FreeRTOS-Kernel/portable/MemMang/heap_4.o
 .bss.xFreeBytesRemaining
                0x20003d64        0x4 ./FreeRTOS/FreeRTOS-Kernel/portable/MemMang/heap_4.o
 .bss.xMinimumEverFreeBytesRemaining
                0x20003d68        0x4 ./FreeRTOS/FreeRTOS-Kernel/portable/MemMang/heap_4.o
 .bss.xNumberOfSuccessfulAllocations
                0x20003d6c        0x4 ./FreeRTOS/FreeRTOS-Kernel/portable/MemMang/heap_4.o
 .bss.xNumberOfSuccessfulFrees
                0x20003d70        0x4 ./FreeRTOS/FreeRTOS-Kernel/portable/MemMang/heap_4.o
 .bss.Task1_handle
                0x20003d74        0x4 ./Src/main.o
                0x20003d74                Task1_handle
 *(COMMON)
                0x20003d78                        . = ALIGN (0x4)
                0x20003d78                        _ebss = .
                0x20003d78                        __bss_end__ = _ebss

._user_heap_stack
                0x20003d78      0x600 load address 0x080016b0
                0x20003d78                        . = ALIGN (0x8)
                [!provide]                        PROVIDE (end = .)
                0x20003d78                        PROVIDE (_end = .)
                0x20003f78                        . = (. + _Min_Heap_Size)
 *fill*         0x20003d78      0x200 
                0x20004378                        . = (. + _Min_Stack_Size)
 *fill*         0x20003f78      0x400 
                0x20004378                        . = ALIGN (0x8)

/DISCARD/
 libc.a(*)
 libm.a(*)
 libgcc.a(*)

.ARM.attributes
                0x00000000       0x30
 *(.ARM.attributes)
 .ARM.attributes
                0x00000000       0x22 /Applications/STM32CubeIDE.app/Contents/Eclipse/plugins/com.st.stm32cube.ide.mcu.externaltools.gnu-tools-for-stm32.12.3.rel1.macos64_1.0.200.202406191456/tools/bin/../lib/gcc/arm-none-eabi/12.3.1/thumb/v7e-m+fp/hard/crti.o
 .ARM.attributes
                0x00000022       0x34 /Applications/STM32CubeIDE.app/Contents/Eclipse/plugins/com.st.stm32cube.ide.mcu.externaltools.gnu-tools-for-stm32.12.3.rel1.macos64_1.0.200.202406191456/tools/bin/../lib/gcc/arm-none-eabi/12.3.1/thumb/v7e-m+fp/hard/crtbegin.o
 .ARM.attributes
                0x00000056       0x34 ./FreeRTOS/FreeRTOS-Kernel/list.o
 .ARM.attributes
                0x0000008a       0x34 ./FreeRTOS/FreeRTOS-Kernel/tasks.o
 .ARM.attributes
                0x000000be       0x34 ./FreeRTOS/FreeRTOS-Kernel/portable/GCC/ARM_CM4F/port.o
 .ARM.attributes
                0x000000f2       0x34 ./FreeRTOS/FreeRTOS-Kernel/portable/MemMang/heap_4.o
 .ARM.attributes
                0x00000126       0x34 ./Src/main.o
 .ARM.attributes
                0x0000015a       0x21 ./Startup/startup_stm32f446retx.o
 .ARM.attributes
                0x0000017b       0x34 /Applications/STM32CubeIDE.app/Contents/Eclipse/plugins/com.st.stm32cube.ide.mcu.externaltools.gnu-tools-for-stm32.12.3.rel1.macos64_1.0.200.202406191456/tools/bin/../lib/gcc/arm-none-eabi/12.3.1/../../../../arm-none-eabi/lib/thumb/v7e-m+fp/hard/libc_nano.a(libc_a-memset.o)
 .ARM.attributes
                0x000001af       0x34 /Applications/STM32CubeIDE.app/Contents/Eclipse/plugins/com.st.stm32cube.ide.mcu.externaltools.gnu-tools-for-stm32.12.3.rel1.macos64_1.0.200.202406191456/tools/bin/../lib/gcc/arm-none-eabi/12.3.1/../../../../arm-none-eabi/lib/thumb/v7e-m+fp/hard/libc_nano.a(libc_a-init.o)
 .ARM.attributes
                0x000001e3       0x22 /Applications/STM32CubeIDE.app/Contents/Eclipse/plugins/com.st.stm32cube.ide.mcu.externaltools.gnu-tools-for-stm32.12.3.rel1.macos64_1.0.200.202406191456/tools/bin/../lib/gcc/arm-none-eabi/12.3.1/thumb/v7e-m+fp/hard/crtn.o
OUTPUT(FREERTOS_Task_Create_Delete.elf elf32-littlearm)
LOAD linker stubs
LOAD /Applications/STM32CubeIDE.app/Contents/Eclipse/plugins/com.st.stm32cube.ide.mcu.externaltools.gnu-tools-for-stm32.12.3.rel1.macos64_1.0.200.202406191456/tools/bin/../lib/gcc/arm-none-eabi/12.3.1/../../../../arm-none-eabi/lib/thumb/v7e-m+fp/hard/libc.a
LOAD /Applications/STM32CubeIDE.app/Contents/Eclipse/plugins/com.st.stm32cube.ide.mcu.externaltools.gnu-tools-for-stm32.12.3.rel1.macos64_1.0.200.202406191456/tools/bin/../lib/gcc/arm-none-eabi/12.3.1/../../../../arm-none-eabi/lib/thumb/v7e-m+fp/hard/libm.a
LOAD /Applications/STM32CubeIDE.app/Contents/Eclipse/plugins/com.st.stm32cube.ide.mcu.externaltools.gnu-tools-for-stm32.12.3.rel1.macos64_1.0.200.202406191456/tools/bin/../lib/gcc/arm-none-eabi/12.3.1/thumb/v7e-m+fp/hard/libgcc.a

.debug_info     0x00000000     0xb248
 .debug_info    0x00000000      0x2af ./FreeRTOS/FreeRTOS-Kernel/list.o
 .debug_info    0x000002af     0x21b6 ./FreeRTOS/FreeRTOS-Kernel/tasks.o
 .debug_info    0x00002465      0x4e1 ./FreeRTOS/FreeRTOS-Kernel/portable/GCC/ARM_CM4F/port.o
 .debug_info    0x00002946      0x521 ./FreeRTOS/FreeRTOS-Kernel/portable/MemMang/heap_4.o
 .debug_info    0x00002e67     0x83b1 ./Src/main.o
 .debug_info    0x0000b218       0x30 ./Startup/startup_stm32f446retx.o

.debug_abbrev   0x00000000     0x1259
 .debug_abbrev  0x00000000       0xf5 ./FreeRTOS/FreeRTOS-Kernel/list.o
 .debug_abbrev  0x000000f5      0x358 ./FreeRTOS/FreeRTOS-Kernel/tasks.o
 .debug_abbrev  0x0000044d      0x25a ./FreeRTOS/FreeRTOS-Kernel/portable/GCC/ARM_CM4F/port.o
 .debug_abbrev  0x000006a7      0x256 ./FreeRTOS/FreeRTOS-Kernel/portable/MemMang/heap_4.o
 .debug_abbrev  0x000008fd      0x938 ./Src/main.o
 .debug_abbrev  0x00001235       0x24 ./Startup/startup_stm32f446retx.o

.debug_aranges  0x00000000      0x440
 .debug_aranges
                0x00000000       0x40 ./FreeRTOS/FreeRTOS-Kernel/list.o
 .debug_aranges
                0x00000040      0x1b8 ./FreeRTOS/FreeRTOS-Kernel/tasks.o
 .debug_aranges
                0x000001f8       0x80 ./FreeRTOS/FreeRTOS-Kernel/portable/GCC/ARM_CM4F/port.o
 .debug_aranges
                0x00000278       0x60 ./FreeRTOS/FreeRTOS-Kernel/portable/MemMang/heap_4.o
 .debug_aranges
                0x000002d8      0x140 ./Src/main.o
 .debug_aranges
                0x00000418       0x28 ./Startup/startup_stm32f446retx.o

.debug_rnglists
                0x00000000      0x338
 .debug_rnglists
                0x00000000       0x2b ./FreeRTOS/FreeRTOS-Kernel/list.o
 .debug_rnglists
                0x0000002b      0x160 ./FreeRTOS/FreeRTOS-Kernel/tasks.o
 .debug_rnglists
                0x0000018b       0x5d ./FreeRTOS/FreeRTOS-Kernel/portable/GCC/ARM_CM4F/port.o
 .debug_rnglists
                0x000001e8       0x48 ./FreeRTOS/FreeRTOS-Kernel/portable/MemMang/heap_4.o
 .debug_rnglists
                0x00000230       0xef ./Src/main.o
 .debug_rnglists
                0x0000031f       0x19 ./Startup/startup_stm32f446retx.o

.debug_macro    0x00000000     0x3296
 .debug_macro   0x00000000      0x198 ./FreeRTOS/FreeRTOS-Kernel/list.o
 .debug_macro   0x00000198      0x27e ./FreeRTOS/FreeRTOS-Kernel/tasks.o
 .debug_macro   0x00000416       0x17 ./FreeRTOS/FreeRTOS-Kernel/tasks.o
 .debug_macro   0x0000042d      0x1a7 ./FreeRTOS/FreeRTOS-Kernel/portable/GCC/ARM_CM4F/port.o
 .debug_macro   0x000005d4      0x219 ./FreeRTOS/FreeRTOS-Kernel/portable/MemMang/heap_4.o
 .debug_macro   0x000007ed      0x50d ./Src/main.o
 .debug_macro   0x00000cfa      0xb98 ./Src/main.o
 .debug_macro   0x00001892       0x1c ./Src/main.o
 .debug_macro   0x000018ae      0x185 ./Src/main.o
 .debug_macro   0x00001a33       0x1c ./Src/main.o
 .debug_macro   0x00001a4f      0x1d6 ./Src/main.o
 .debug_macro   0x00001c25       0x10 ./Src/main.o
 .debug_macro   0x00001c35      0x417 ./Src/main.o
 .debug_macro   0x0000204c       0x34 ./Src/main.o
 .debug_macro   0x00002080      0x190 ./Src/main.o
 .debug_macro   0x00002210       0x43 ./Src/main.o
 .debug_macro   0x00002253       0x16 ./Src/main.o
 .debug_macro   0x00002269       0x1c ./Src/main.o
 .debug_macro   0x00002285       0x3c ./Src/main.o
 .debug_macro   0x000022c1      0x38c ./Src/main.o
 .debug_macro   0x0000264d       0x10 ./Src/main.o
 .debug_macro   0x0000265d       0x10 ./Src/main.o
 .debug_macro   0x0000266d       0x33 ./Src/main.o
 .debug_macro   0x000026a0      0x173 ./Src/main.o
 .debug_macro   0x00002813       0x41 ./Src/main.o
 .debug_macro   0x00002854       0x1c ./Src/main.o
 .debug_macro   0x00002870       0x1f ./Src/main.o
 .debug_macro   0x0000288f       0x2c ./Src/main.o
 .debug_macro   0x000028bb       0x11 ./Src/main.o
 .debug_macro   0x000028cc       0x18 ./Src/main.o
 .debug_macro   0x000028e4       0x10 ./Src/main.o
 .debug_macro   0x000028f4       0x35 ./Src/main.o
 .debug_macro   0x00002929       0x5e ./Src/main.o
 .debug_macro   0x00002987       0x16 ./Src/main.o
 .debug_macro   0x0000299d       0x52 ./Src/main.o
 .debug_macro   0x000029ef       0x5e ./Src/main.o
 .debug_macro   0x00002a4d       0x28 ./Src/main.o
 .debug_macro   0x00002a75       0x2e ./Src/main.o
 .debug_macro   0x00002aa3       0x19 ./Src/main.o
 .debug_macro   0x00002abc       0x11 ./Src/main.o
 .debug_macro   0x00002acd       0x4f ./Src/main.o
 .debug_macro   0x00002b1c       0x18 ./Src/main.o
 .debug_macro   0x00002b34       0x19 ./Src/main.o
 .debug_macro   0x00002b4d       0x88 ./Src/main.o
 .debug_macro   0x00002bd5       0x19 ./Src/main.o
 .debug_macro   0x00002bee       0x1c ./Src/main.o
 .debug_macro   0x00002c0a       0x10 ./Src/main.o
 .debug_macro   0x00002c1a       0x1c ./Src/main.o
 .debug_macro   0x00002c36       0xde ./Src/main.o
 .debug_macro   0x00002d14       0x1c ./Src/main.o
 .debug_macro   0x00002d30       0x10 ./Src/main.o
 .debug_macro   0x00002d40       0x16 ./Src/main.o
 .debug_macro   0x00002d56      0x131 ./Src/main.o
 .debug_macro   0x00002e87      0x11d ./Src/main.o
 .debug_macro   0x00002fa4       0x10 ./Src/main.o
 .debug_macro   0x00002fb4      0x242 ./Src/main.o
 .debug_macro   0x000031f6       0x11 ./Src/main.o
 .debug_macro   0x00003207       0x19 ./Src/main.o
 .debug_macro   0x00003220       0x18 ./Src/main.o
 .debug_macro   0x00003238       0x5e ./Src/main.o

.debug_line     0x00000000     0x4d2a
 .debug_line    0x00000000      0x7ad ./FreeRTOS/FreeRTOS-Kernel/list.o
 .debug_line    0x000007ad     0x1b32 ./FreeRTOS/FreeRTOS-Kernel/tasks.o
 .debug_line    0x000022df      0x889 ./FreeRTOS/FreeRTOS-Kernel/portable/GCC/ARM_CM4F/port.o
 .debug_line    0x00002b68      0xa2e ./FreeRTOS/FreeRTOS-Kernel/portable/MemMang/heap_4.o
 .debug_line    0x00003596     0x1719 ./Src/main.o
 .debug_line    0x00004caf       0x7b ./Startup/startup_stm32f446retx.o

.debug_str      0x00000000    0x1e3b3
 .debug_str     0x00000000     0xaedb ./FreeRTOS/FreeRTOS-Kernel/list.o
                               0xb100 (size before relaxing)
 .debug_str     0x0000aedb     0x2f5a ./FreeRTOS/FreeRTOS-Kernel/tasks.o
                               0xe0a4 (size before relaxing)
 .debug_str     0x0000de35      0x7eb ./FreeRTOS/FreeRTOS-Kernel/portable/GCC/ARM_CM4F/port.o
                               0x9947 (size before relaxing)
 .debug_str     0x0000e620      0x5e5 ./FreeRTOS/FreeRTOS-Kernel/portable/MemMang/heap_4.o
                               0xc92a (size before relaxing)
 .debug_str     0x0000ec05     0xf76f ./Src/main.o
                              0x1bd74 (size before relaxing)
 .debug_str     0x0001e374       0x3f ./Startup/startup_stm32f446retx.o
                                 0x9d (size before relaxing)

.comment        0x00000000       0x43
 .comment       0x00000000       0x43 ./FreeRTOS/FreeRTOS-Kernel/list.o
                                 0x44 (size before relaxing)
 .comment       0x00000043       0x44 ./FreeRTOS/FreeRTOS-Kernel/tasks.o
 .comment       0x00000043       0x44 ./FreeRTOS/FreeRTOS-Kernel/portable/GCC/ARM_CM4F/port.o
 .comment       0x00000043       0x44 ./FreeRTOS/FreeRTOS-Kernel/portable/MemMang/heap_4.o
 .comment       0x00000043       0x44 ./Src/main.o

.debug_frame    0x00000000     0x1138
 .debug_frame   0x00000000       0xd8 ./FreeRTOS/FreeRTOS-Kernel/list.o
 .debug_frame   0x000000d8      0x784 ./FreeRTOS/FreeRTOS-Kernel/tasks.o
 .debug_frame   0x0000085c      0x1a8 ./FreeRTOS/FreeRTOS-Kernel/portable/GCC/ARM_CM4F/port.o
 .debug_frame   0x00000a04      0x150 ./FreeRTOS/FreeRTOS-Kernel/portable/MemMang/heap_4.o
 .debug_frame   0x00000b54      0x598 ./Src/main.o
 .debug_frame   0x000010ec       0x20 /Applications/STM32CubeIDE.app/Contents/Eclipse/plugins/com.st.stm32cube.ide.mcu.externaltools.gnu-tools-for-stm32.12.3.rel1.macos64_1.0.200.202406191456/tools/bin/../lib/gcc/arm-none-eabi/12.3.1/../../../../arm-none-eabi/lib/thumb/v7e-m+fp/hard/libc_nano.a(libc_a-memset.o)
 .debug_frame   0x0000110c       0x2c /Applications/STM32CubeIDE.app/Contents/Eclipse/plugins/com.st.stm32cube.ide.mcu.externaltools.gnu-tools-for-stm32.12.3.rel1.macos64_1.0.200.202406191456/tools/bin/../lib/gcc/arm-none-eabi/12.3.1/../../../../arm-none-eabi/lib/thumb/v7e-m+fp/hard/libc_nano.a(libc_a-init.o)

.debug_line_str
                0x00000000       0x81
 .debug_line_str
                0x00000000       0x81 ./Startup/startup_stm32f446retx.o
