../Inc/gpio_ref.h:25:6:void pinMode(GPIO_TYPEDEF*, uint8_t, uint8_t)	16	static
../Inc/gpio_ref.h:57:6:void digitalWrite(GPIO_TYPEDEF*, uint8_t, bool)	16	static
../Inc/gpio_ref.h:62:6:bool digitalRead(GPIO_TYPEDEF*, uint8_t)	16	static
../Inc/delay.h:12:6:void Tim6_init()	4	static
../Inc/delay.h:17:6:void delay(uint32_t)	16	static
/Applications/STM32CubeIDE.app/Contents/Eclipse/plugins/com.st.stm32cube.ide.mcu.externaltools.gnu-tools-for-stm32.12.3.rel1.macos64_1.0.200.202406191456/tools/arm-none-eabi/include/c++/12.3.1/bits/basic_string.h:4020:3:std::string std::__cxx11::to_string(int)	40	static
/Applications/STM32CubeIDE.app/Contents/Eclipse/plugins/com.st.stm32cube.ide.mcu.externaltools.gnu-tools-for-stm32.12.3.rel1.macos64_1.0.200.202406191456/tools/arm-none-eabi/include/c++/12.3.1/bits/basic_string.h:4034:3:std::string std::__cxx11::to_string(unsigned int)	32	static
/Applications/STM32CubeIDE.app/Contents/Eclipse/plugins/com.st.stm32cube.ide.mcu.externaltools.gnu-tools-for-stm32.12.3.rel1.macos64_1.0.200.202406191456/tools/arm-none-eabi/include/c++/12.3.1/bits/basic_string.h:4093:3:std::string std::__cxx11::to_string(float)	32	static
/Applications/STM32CubeIDE.app/Contents/Eclipse/plugins/com.st.stm32cube.ide.mcu.externaltools.gnu-tools-for-stm32.12.3.rel1.macos64_1.0.200.202406191456/tools/arm-none-eabi/include/c++/12.3.1/bits/basic_string.h:4102:3:std::string std::__cxx11::to_string(double)	40	static
../Inc/serial.h:49:1:Serial::Serial(USART_TYPEDEF*)	16	static
../Inc/serial.h:67:6:void Serial::begin(uint32_t)	16	static
../Inc/serial.h:77:6:void Serial::sendChar(uint8_t)	16	static
../Inc/serial.h:84:6:void Serial::print(std::string)	32	static
../Inc/serial.h:89:6:void Serial::print(int)	40	static
../Inc/serial.h:94:6:void Serial::print(char)	40	static
../Inc/serial.h:99:6:void Serial::print(unsigned int)	40	static
../Inc/serial.h:104:6:void Serial::print(float)	40	static
../Inc/serial.h:109:6:void Serial::print(double)	48	static
../Inc/serial.h:115:6:void Serial::println(std::string)	40	static
../Inc/serial.h:121:6:void Serial::println()	16	static
../Inc/serial.h:126:9:uint8_t Serial::read()	16	static
../Src/main.cpp:11:5:int main()	40	static
/Applications/STM32CubeIDE.app/Contents/Eclipse/plugins/com.st.stm32cube.ide.mcu.externaltools.gnu-tools-for-stm32.12.3.rel1.macos64_1.0.200.202406191456/tools/arm-none-eabi/include/c++/12.3.1/bits/charconv.h:47:5:constexpr unsigned int std::__detail::__to_chars_len(_Tp, int) [with _Tp = unsigned int]	32	static
/Applications/STM32CubeIDE.app/Contents/Eclipse/plugins/com.st.stm32cube.ide.mcu.externaltools.gnu-tools-for-stm32.12.3.rel1.macos64_1.0.200.202406191456/tools/arm-none-eabi/include/c++/12.3.1/bits/charconv.h:72:5:void std::__detail::__to_chars_10_impl(char*, unsigned int, _Tp) [with _Tp = unsigned int]	40	static
/Applications/STM32CubeIDE.app/Contents/Eclipse/plugins/com.st.stm32cube.ide.mcu.externaltools.gnu-tools-for-stm32.12.3.rel1.macos64_1.0.200.202406191456/tools/arm-none-eabi/include/c++/12.3.1/ext/string_conversions.h:99:5:) [with _String = std::__cxx11::basic_string<char>; _CharT = char]	44	dynamic
/Applications/STM32CubeIDE.app/Contents/Eclipse/plugins/com.st.stm32cube.ide.mcu.externaltools.gnu-tools-for-stm32.12.3.rel1.macos64_1.0.200.202406191456/tools/arm-none-eabi/include/c++/12.3.1/bits/stl_iterator.h:1237:5:bool __gnu_cxx::operator!=(const __normal_iterator<_Iterator, _Container>&, const __normal_iterator<_Iterator, _Container>&) [with _Iterator = char*; _Container = std::__cxx11::basic_string<char>]	24	static
/Applications/STM32CubeIDE.app/Contents/Eclipse/plugins/com.st.stm32cube.ide.mcu.externaltools.gnu-tools-for-stm32.12.3.rel1.macos64_1.0.200.202406191456/tools/arm-none-eabi/include/c++/12.3.1/bits/stl_iterator.h:1105:7:__gnu_cxx::__normal_iterator<_Iterator, _Container>& __gnu_cxx::__normal_iterator<_Iterator, _Container>::operator++() [with _Iterator = char*; _Container = std::__cxx11::basic_string<char>]	16	static
/Applications/STM32CubeIDE.app/Contents/Eclipse/plugins/com.st.stm32cube.ide.mcu.externaltools.gnu-tools-for-stm32.12.3.rel1.macos64_1.0.200.202406191456/tools/arm-none-eabi/include/c++/12.3.1/bits/stl_iterator.h:1095:7:__gnu_cxx::__normal_iterator<_Iterator, _Container>::reference __gnu_cxx::__normal_iterator<_Iterator, _Container>::operator*() const [with _Iterator = char*; _Container = std::__cxx11::basic_string<char>]	16	static
/Applications/STM32CubeIDE.app/Contents/Eclipse/plugins/com.st.stm32cube.ide.mcu.externaltools.gnu-tools-for-stm32.12.3.rel1.macos64_1.0.200.202406191456/tools/arm-none-eabi/include/c++/12.3.1/bits/basic_string.h:759:9:std::__cxx11::basic_string<_CharT, _Traits, _Alloc>::basic_string(_InputIterator, _InputIterator, const _Alloc&) [with _InputIterator = char*; <template-parameter-2-2> = void; _CharT = char; _Traits = std::char_traits<char>; _Alloc = std::allocator<char>]	40	static
/Applications/STM32CubeIDE.app/Contents/Eclipse/plugins/com.st.stm32cube.ide.mcu.externaltools.gnu-tools-for-stm32.12.3.rel1.macos64_1.0.200.202406191456/tools/arm-none-eabi/include/c++/12.3.1/bits/stl_iterator.h:1158:7:const _Iterator& __gnu_cxx::__normal_iterator<_Iterator, _Container>::base() const [with _Iterator = char*; _Container = std::__cxx11::basic_string<char>]	16	static
/Applications/STM32CubeIDE.app/Contents/Eclipse/plugins/com.st.stm32cube.ide.mcu.externaltools.gnu-tools-for-stm32.12.3.rel1.macos64_1.0.200.202406191456/tools/arm-none-eabi/include/c++/12.3.1/bits/basic_string.tcc:235:13:std::__cxx11::basic_string<_CharT, _Traits, _Alloc>::_M_construct(_InIterator, _InIterator, std::forward_iterator_tag)::_Guard::_Guard(std::__cxx11::basic_string<_CharT, _Traits, _Alloc>*) [with _InIterator = char*; _CharT = char; _Traits = std::char_traits<char>; _Alloc = std::allocator<char>]	16	static
/Applications/STM32CubeIDE.app/Contents/Eclipse/plugins/com.st.stm32cube.ide.mcu.externaltools.gnu-tools-for-stm32.12.3.rel1.macos64_1.0.200.202406191456/tools/arm-none-eabi/include/c++/12.3.1/bits/basic_string.tcc:238:4:std::__cxx11::basic_string<_CharT, _Traits, _Alloc>::_M_construct(_InIterator, _InIterator, std::forward_iterator_tag)::_Guard::~_Guard() [with _InIterator = char*; _CharT = char; _Traits = std::char_traits<char>; _Alloc = std::allocator<char>]	16	static
/Applications/STM32CubeIDE.app/Contents/Eclipse/plugins/com.st.stm32cube.ide.mcu.externaltools.gnu-tools-for-stm32.12.3.rel1.macos64_1.0.200.202406191456/tools/arm-none-eabi/include/c++/12.3.1/bits/basic_string.tcc:217:7:void std::__cxx11::basic_string<_CharT, _Traits, _Alloc>::_M_construct(_InIterator, _InIterator, std::forward_iterator_tag) [with _FwdIterator = char*; _CharT = char; _Traits = std::char_traits<char>; _Alloc = std::allocator<char>]	40	static
/Applications/STM32CubeIDE.app/Contents/Eclipse/plugins/com.st.stm32cube.ide.mcu.externaltools.gnu-tools-for-stm32.12.3.rel1.macos64_1.0.200.202406191456/tools/arm-none-eabi/include/c++/12.3.1/bits/stl_iterator_base_types.h:238:5:constexpr typename std::iterator_traits< <template-parameter-1-1> >::iterator_category std::__iterator_category(const _Iter&) [with _Iter = char*]	16	static
/Applications/STM32CubeIDE.app/Contents/Eclipse/plugins/com.st.stm32cube.ide.mcu.externaltools.gnu-tools-for-stm32.12.3.rel1.macos64_1.0.200.202406191456/tools/arm-none-eabi/include/c++/12.3.1/bits/stl_iterator_base_funcs.h:147:5:typename std::iterator_traits< <template-parameter-1-1> >::difference_type std::distance(_InputIterator, _InputIterator) [with _InputIterator = char*]	24	static
/Applications/STM32CubeIDE.app/Contents/Eclipse/plugins/com.st.stm32cube.ide.mcu.externaltools.gnu-tools-for-stm32.12.3.rel1.macos64_1.0.200.202406191456/tools/arm-none-eabi/include/c++/12.3.1/bits/stl_iterator_base_funcs.h:99:5:constexpr typename std::iterator_traits< <template-parameter-1-1> >::difference_type std::__distance(_RandomAccessIterator, _RandomAccessIterator, random_access_iterator_tag) [with _RandomAccessIterator = char*]	24	static
../Src/main.cpp:24:1:void __static_initialization_and_destruction_0(int, int)	16	static
../Src/main.cpp:24:1:cpp)	8	static
