08:56:13 **** Incremental Build of configuration Debug for project USART2_POLLING ****
make -j7 all 
arm-none-eabi-g++ "../Src/main.cpp" -mcpu=cortex-m4 -std=gnu++14 -g3 -DDEBUG -DSTM32 -DSTM32F4 -DSTM32F446RETx -DNUCLEO_F446RE -c -I../Inc -O0 -ffunction-sections -fdata-sections -fno-exceptions -fno-rtti -fno-use-cxa-atexit -Wall -fstack-usage -fcyclomatic-complexity -MMD -MP -MF"Src/main.d" -MT"Src/main.o" --specs=nano.specs -mfpu=fpv4-sp-d16 -mfloat-abi=hard -mthumb -o "Src/main.o"
arm-none-eabi-g++ -o "USART2_POLLING.elf" @"objects.list"   -mcpu=cortex-m4 -T"/Users/naveensagar/Desktop/STM32_WORKS/STM32_CPP_BARE_METAL/USART2_POLLING/STM32F446RETX_FLASH.ld" --specs=nosys.specs -Wl,-Map="USART2_POLLING.map" -Wl,--gc-sections -static --specs=nano.specs -mfpu=fpv4-sp-d16 -mfloat-abi=hard -mthumb -Wl,--start-group -lc -lm -lstdc++ -lsupc++ -Wl,--end-group
Finished building target: USART2_POLLING.elf
 
arm-none-eabi-size  USART2_POLLING.elf 
arm-none-eabi-objdump -h -S USART2_POLLING.elf  > "USART2_POLLING.list"
   text	   data	    bss	    dec	    hex	filename
   3788	     80	   1904	   5772	   168c	USART2_POLLING.elf
Finished building: default.size.stdout
 
Finished building: USART2_POLLING.list
 

08:56:14 Build Finished. 0 errors, 0 warnings. (took 828ms)

